####################################################
1) Required Libraries

$ apt-get install libboost-math-dev libboost-thread-dev libboost-system-dev libboost-regex-dev libboost-iostreams-dev liblog4cxx10-dev libconfig++8-dev build-essential gnuplot-x11

Note, OpenMSC is only compilable if you stick to the following library requirements:
libboost => 1.48 (test up to 1.54)vim 
libconfig => 8

Also pay attention to install libconfig++ and not libconfig.

In order to make the visualiser work, gnuplot-x11 (not gnuplot-nox!) MUST be installed. Even if the compilation of OpenMSC does not return an error, OpenMSC would crash if Gnuplot has not been installed manually.

####################################################
2) Compiling Binaries

$ cd src/
$ make all

####################################################
3) Run Binaries

The make file creates two binaries in SVN/bin: the OpenMSC and a receiver dummy. First copy the example configuration files to the openmsc-read-only/bin directory:
$ cd openmsc-read-only/bin
$ cp ../doc/example/openmsc.msc .
$ cp ../doc/example/openmsc.cfg .

If both binaries are located on the same machine just invoke:

$ ./receiverDummy 8000

in one terminal and 

$ ./openmsc -i 127.0.0.1 -p 8000

in another one.
